#
# There is insufficient memory for the Java Runtime Environment to continue.
# Native memory allocation (malloc) failed to allocate 2103216 bytes. Error detail: Chunk::new
# Possible reasons:
#   The system is out of physical RAM or swap space
#   This process is running with CompressedOops enabled, and the Java Heap may be blocking the growth of the native heap
# Possible solutions:
#   Reduce memory load on the system
#   Increase physical memory or swap space
#   Check if swap backing store is full
#   Decrease Java heap size (-Xmx/-Xms)
#   Decrease number of Java threads
#   Decrease Java thread stack sizes (-Xss)
#   Set larger code cache with -XX:ReservedCodeCacheSize=
#   JVM is running with Unscaled Compressed Oops mode in which the Java heap is
#     placed in the first 4GB address space. The Java Heap base address is the
#     maximum limit for the native heap growth. Please use -XX:HeapBaseMinAddress
#     to set the Java Heap base and to place the Java Heap above 4GB virtual address.
# This output file may be truncated or incomplete.
#
#  Out of Memory Error (arena.cpp:168), pid=32192, tid=11772
#
# JRE version: OpenJDK Runtime Environment Temurin-21.0.11+10 (21.0.11+10) (build 21.0.11+10-LTS)
# Java VM: OpenJDK 64-Bit Server VM Temurin-21.0.11+10 (21.0.11+10-LTS, mixed mode, sharing, tiered, compressed oops, compressed class ptrs, parallel gc, windows-amd64)
# No core dump will be written. Minidumps are not enabled by default on client versions of Windows
#

---------------  S U M M A R Y ------------

Command Line: --add-modules=ALL-SYSTEM --add-opens=java.base/java.util=ALL-UNNAMED --add-opens=java.base/java.lang=ALL-UNNAMED --add-opens=java.base/sun.nio.fs=ALL-UNNAMED -Declipse.application=org.eclipse.jdt.ls.core.id1 -Dosgi.bundles.defaultStartLevel=4 -Declipse.product=org.eclipse.jdt.ls.core.product -Djava.import.generatesMetadataFilesAtProjectRoot=false -DDetectVMInstallationsJob.disabled=true -Dfile.encoding=utf8 -XX:+UseParallelGC -XX:GCTimeRatio=4 -XX:AdaptiveSizePolicyWeight=90 -Dsun.zip.disableMemoryMapping=true -Xmx2G -Xms100m -Xlog:disable -javaagent:c:\Users\iamhe\.antigravity-ide\extensions\redhat.java-1.55.0-win32-x64\lombok\lombok-1.18.39-4050.jar -XX:+HeapDumpOnOutOfMemoryError -XX:HeapDumpPath=c:\Users\iamhe\AppData\Roaming\Antigravity IDE\User\workspaceStorage\febbdd6fe61ea0e4eea93d9b6e43076d\redhat.java -Daether.dependencyCollector.impl=bf c:\Users\iamhe\.antigravity-ide\extensions\redhat.java-1.55.0-win32-x64\server\plugins\org.eclipse.equinox.launcher_1.7.200.v20260619-2039.jar -configuration c:\Users\iamhe\AppData\Roaming\Antigravity IDE\User\globalStorage\redhat.java\1.55.0\config_win -data c:\Users\iamhe\AppData\Roaming\Antigravity IDE\User\workspaceStorage\febbdd6fe61ea0e4eea93d9b6e43076d\redhat.java\jdt_ws --pipe=\\.\pipe\lsp-2c099df3a2811bcd9b0d6fb2ba96d56d-sock

Host: AMD Ryzen 3 7320U with Radeon Graphics         , 8 cores, 7G,  Windows 11 , 64 bit Build 26100 (10.0.26100.8875)
Time: Tue Jul 21 00:02:09 2026 India Standard Time elapsed time: 1142.448976 seconds (0d 0h 19m 2s)

---------------  T H R E A D  ---------------

Current thread (0x0000021c7098cd90):  JavaThread "C2 CompilerThread0" daemon [_thread_in_native, id=11772, stack(0x0000008212c00000,0x0000008212d00000) (1024K)]


Current CompileTask:
C2:1142450 18378       4       java.util.Properties::load0 (249 bytes)

Stack: [0x0000008212c00000,0x0000008212d00000]
Native frames: (J=compiled Java code, j=interpreted, Vv=VM code, C=native code)
V  [jvm.dll+0x6d7e19]
V  [jvm.dll+0x8b5096]
V  [jvm.dll+0x8b764e]
V  [jvm.dll+0x8b7d33]
V  [jvm.dll+0x284596]
V  [jvm.dll+0xc685d]
V  [jvm.dll+0xc6da1]
V  [jvm.dll+0x3bed6b]
V  [jvm.dll+0x38b2b2]
V  [jvm.dll+0x38a6fa]
V  [jvm.dll+0x24c700]
V  [jvm.dll+0x24bce0]
V  [jvm.dll+0x1cb4ae]
V  [jvm.dll+0x25baad]
V  [jvm.dll+0x25a03a]
V  [jvm.dll+0x3f868e]
V  [jvm.dll+0x85fb0d]
V  [jvm.dll+0x6d664d]
C  [ucrtbase.dll+0x2cd30]
C  [KERNEL32.DLL+0x2e957]
C  [ntdll.dll+0xaad6c]


---------------  P R O C E S S  ---------------

Threads class SMR info:
_java_thread_list=0x0000021c52af6060, length=45, elements={
0x0000021c70a0b000, 0x0000021c7097dc10, 0x0000021c70983400, 0x0000021c70986ac0,
0x0000021c70987520, 0x0000021c70988d40, 0x0000021c70989f40, 0x0000021c7098cd90,
0x0000021c7e0391a0, 0x0000021c7e22bea0, 0x0000021c7e323ce0, 0x0000021c7e92d1b0,
0x0000021c7e1882c0, 0x0000021c7e069ba0, 0x0000021c7e37dc80, 0x0000021c7eb3d010,
0x0000021c7eb6d680, 0x0000021c7f3c8540, 0x0000021c7f9349a0, 0x0000021c7f937790,
0x0000021c7f937100, 0x0000021c7f937e20, 0x0000021c517e96b0, 0x0000021c517e6230,
0x0000021c517e6f50, 0x0000021c517e75e0, 0x0000021c517e9020, 0x0000021c517e9d40,
0x0000021c517e7c70, 0x0000021c517e8300, 0x0000021c517e68c0, 0x0000021c517ea3d0,
0x0000021c517eaa60, 0x0000021c517e8990, 0x0000021c7eee6490, 0x0000021c5318fe70,
0x0000021c531925d0, 0x0000021c53192c60, 0x0000021c53194010, 0x0000021c531946a0,
0x0000021c53193980, 0x0000021c53191f40, 0x0000021c53191220, 0x0000021c53194d30,
0x0000021c531953c0
}

Java Threads: ( => current thread )
  0x0000021c70a0b000 JavaThread "main"                              [_thread_blocked, id=31604, stack(0x0000008212200000,0x0000008212300000) (1024K)]
  0x0000021c7097dc10 JavaThread "Reference Handler"          daemon [_thread_blocked, id=31884, stack(0x0000008212600000,0x0000008212700000) (1024K)]
  0x0000021c70983400 JavaThread "Finalizer"                  daemon [_thread_blocked, id=25388, stack(0x0000008212700000,0x0000008212800000) (1024K)]
  0x0000021c70986ac0 JavaThread "Signal Dispatcher"          daemon [_thread_blocked, id=11452, stack(0x0000008212800000,0x0000008212900000) (1024K)]
  0x0000021c70987520 JavaThread "Attach Listener"            daemon [_thread_blocked, id=18084, stack(0x0000008212900000,0x0000008212a00000) (1024K)]
  0x0000021c70988d40 JavaThread "Service Thread"             daemon [_thread_blocked, id=29240, stack(0x0000008212a00000,0x0000008212b00000) (1024K)]
  0x0000021c70989f40 JavaThread "Monitor Deflation Thread"   daemon [_thread_blocked, id=28968, stack(0x0000008212b00000,0x0000008212c00000) (1024K)]
=>0x0000021c7098cd90 JavaThread "C2 CompilerThread0"         daemon [_thread_in_native, id=11772, stack(0x0000008212c00000,0x0000008212d00000) (1024K)]
  0x0000021c7e0391a0 JavaThread "C1 CompilerThread0"         daemon [_thread_blocked, id=21892, stack(0x0000008212d00000,0x0000008212e00000) (1024K)]
  0x0000021c7e22bea0 JavaThread "Common-Cleaner"             daemon [_thread_blocked, id=28204, stack(0x0000008212e00000,0x0000008212f00000) (1024K)]
  0x0000021c7e323ce0 JavaThread "Notification Thread"        daemon [_thread_blocked, id=29660, stack(0x0000008212f00000,0x0000008213000000) (1024K)]
  0x0000021c7e92d1b0 JavaThread "Active Thread: Equinox Container: dee7727a-f17f-4e60-9c52-0c81ae0bd91e"        [_thread_blocked, id=15700, stack(0x0000008213600000,0x0000008213700000) (1024K)]
  0x0000021c7e1882c0 JavaThread "Refresh Thread: Equinox Container: dee7727a-f17f-4e60-9c52-0c81ae0bd91e" daemon [_thread_blocked, id=9316, stack(0x0000008213800000,0x0000008213900000) (1024K)]
  0x0000021c7e069ba0 JavaThread "Framework Event Dispatcher: Equinox Container: dee7727a-f17f-4e60-9c52-0c81ae0bd91e" daemon [_thread_blocked, id=28548, stack(0x0000008212000000,0x0000008212100000) (1024K)]
  0x0000021c7e37dc80 JavaThread "Start Level: Equinox Container: dee7727a-f17f-4e60-9c52-0c81ae0bd91e" daemon [_thread_blocked, id=3596, stack(0x0000008213900000,0x0000008213a00000) (1024K)]
  0x0000021c7eb3d010 JavaThread "Bundle File Closer"         daemon [_thread_blocked, id=28292, stack(0x0000008213a00000,0x0000008213b00000) (1024K)]
  0x0000021c7eb6d680 JavaThread "SCR Component Actor"        daemon [_thread_blocked, id=29816, stack(0x0000008211f00000,0x0000008212000000) (1024K)]
  0x0000021c7f3c8540 JavaThread "Worker-JM"                         [_thread_blocked, id=32368, stack(0x0000008212100000,0x0000008212200000) (1024K)]
  0x0000021c7f9349a0 JavaThread "Worker-1"                          [_thread_blocked, id=23700, stack(0x0000008213d00000,0x0000008213e00000) (1024K)]
  0x0000021c7f937790 JavaThread "Java indexing"              daemon [_thread_blocked, id=6864, stack(0x0000008214000000,0x0000008214100000) (1024K)]
  0x0000021c7f937100 JavaThread "JNA Cleaner"                daemon [_thread_blocked, id=22216, stack(0x0000008214100000,0x0000008214200000) (1024K)]
  0x0000021c7f937e20 JavaThread "Worker-4: Building"                [_thread_blocked, id=2952, stack(0x0000008214400000,0x0000008214500000) (1024K)]
  0x0000021c517e96b0 JavaThread "Thread-1"                   daemon [_thread_in_native, id=32396, stack(0x0000008214600000,0x0000008214700000) (1024K)]
  0x0000021c517e6230 JavaThread "Thread-2"                   daemon [_thread_in_native, id=29260, stack(0x0000008214700000,0x0000008214800000) (1024K)]
  0x0000021c517e6f50 JavaThread "Thread-3"                   daemon [_thread_in_native, id=15704, stack(0x0000008214800000,0x0000008214900000) (1024K)]
  0x0000021c517e75e0 JavaThread "Thread-4"                   daemon [_thread_in_native, id=20024, stack(0x0000008214900000,0x0000008214a00000) (1024K)]
  0x0000021c517e9020 JavaThread "Thread-5"                   daemon [_thread_in_native, id=9812, stack(0x0000008214a00000,0x0000008214b00000) (1024K)]
  0x0000021c517e9d40 JavaThread "Thread-6"                   daemon [_thread_in_native, id=25032, stack(0x0000008214b00000,0x0000008214c00000) (1024K)]
  0x0000021c517e7c70 JavaThread "Thread-7"                   daemon [_thread_in_native, id=33348, stack(0x0000008214c00000,0x0000008214d00000) (1024K)]
  0x0000021c517e8300 JavaThread "Thread-8"                   daemon [_thread_in_native, id=12140, stack(0x0000008214d00000,0x0000008214e00000) (1024K)]
  0x0000021c517e68c0 JavaThread "Thread-9"                   daemon [_thread_in_native, id=29228, stack(0x0000008214e00000,0x0000008214f00000) (1024K)]
  0x0000021c517ea3d0 JavaThread "pool-2-thread-1"                   [_thread_blocked, id=14524, stack(0x0000008214f00000,0x0000008215000000) (1024K)]
  0x0000021c517eaa60 JavaThread "WorkspaceEventsHandler"            [_thread_blocked, id=30936, stack(0x0000008215000000,0x0000008215100000) (1024K)]
  0x0000021c517e8990 JavaThread "pool-1-thread-1"                   [_thread_blocked, id=30368, stack(0x0000008215100000,0x0000008215200000) (1024K)]
  0x0000021c7eee6490 JavaThread "PatternSearchJob-worker-1"  daemon [_thread_blocked, id=33148, stack(0x0000008215500000,0x0000008215600000) (1024K)]
  0x0000021c5318fe70 JavaThread "PatternSearchJob-worker-3"  daemon [_thread_blocked, id=29652, stack(0x0000008213e00000,0x0000008213f00000) (1024K)]
  0x0000021c531925d0 JavaThread "PatternSearchJob-worker-4"  daemon [_thread_blocked, id=6492, stack(0x0000008214200000,0x0000008214300000) (1024K)]
  0x0000021c53192c60 JavaThread "PatternSearchJob-worker-5"  daemon [_thread_blocked, id=19336, stack(0x0000008214300000,0x0000008214400000) (1024K)]
  0x0000021c53194010 JavaThread "PatternSearchJob-worker-6"  daemon [_thread_blocked, id=32460, stack(0x0000008214500000,0x0000008214600000) (1024K)]
  0x0000021c531946a0 JavaThread "Worker-7"                          [_thread_blocked, id=12524, stack(0x0000008213b00000,0x0000008213c00000) (1024K)]
  0x0000021c53193980 JavaThread "ParallelDescriptorResolver-6-0" daemon [_thread_blocked, id=31108, stack(0x0000008213c00000,0x0000008213d00000) (1024K)]
  0x0000021c53191f40 JavaThread "ParallelDescriptorResolver-6-1" daemon [_thread_blocked, id=32540, stack(0x0000008213f00000,0x0000008214000000) (1024K)]
  0x0000021c53191220 JavaThread "ParallelDescriptorResolver-6-2" daemon [_thread_blocked, id=12208, stack(0x0000008215200000,0x0000008215300000) (1024K)]
  0x0000021c53194d30 JavaThread "ParallelDescriptorResolver-6-3" daemon [_thread_in_native, id=13036, stack(0x0000008215300000,0x0000008215400000) (1024K)]
  0x0000021c531953c0 JavaThread "ParallelDescriptorResolver-6-4" daemon [_thread_in_native, id=16060, stack(0x0000008215400000,0x0000008215500000) (1024K)]
Total: 45

Other Threads:
  0x0000021c70ace910 VMThread "VM Thread"                           [id=19052, stack(0x0000008212500000,0x0000008212600000) (1024K)]
  0x0000021c7089ca00 WatcherThread "VM Periodic Task Thread"        [id=32472, stack(0x0000008212400000,0x0000008212500000) (1024K)]
  0x0000021c70a29600 WorkerThread "GC Thread#0"                     [id=23740, stack(0x0000008212300000,0x0000008212400000) (1024K)]
  0x0000021c7e426ee0 WorkerThread "GC Thread#1"                     [id=4384, stack(0x0000008213000000,0x0000008213100000) (1024K)]
  0x0000021c7e427290 WorkerThread "GC Thread#2"                     [id=25724, stack(0x0000008213100000,0x0000008213200000) (1024K)]
  0x0000021c7e427640 WorkerThread "GC Thread#3"                     [id=4800, stack(0x0000008213200000,0x0000008213300000) (1024K)]
  0x0000021c7e8d4860 WorkerThread "GC Thread#4"                     [id=8836, stack(0x0000008213300000,0x0000008213400000) (1024K)]
  0x0000021c7e8d4c10 WorkerThread "GC Thread#5"                     [id=28444, stack(0x0000008213400000,0x0000008213500000) (1024K)]
  0x0000021c7e8cd060 WorkerThread "GC Thread#6"                     [id=32076, stack(0x0000008213500000,0x0000008213600000) (1024K)]
  0x0000021c7e1876f0 WorkerThread "GC Thread#7"                     [id=32852, stack(0x0000008213700000,0x0000008213800000) (1024K)]
Total: 10

Threads with active compile tasks:
C2 CompilerThread0  1142599 18378       4       java.util.Properties::load0 (249 bytes)
Total: 1

VM state: not at safepoint (normal execution)

VM Mutex/Monitor currently owned by a thread: None

Heap address: 0x0000000080000000, size: 2048 MB, Compressed Oops mode: 32-bit

CDS archive(s) mapped at: [0x0000021c0f000000-0x0000021c0fba0000-0x0000021c0fba0000), size 12189696, SharedBaseAddress: 0x0000021c0f000000, ArchiveRelocationMode: 1.
Compressed class space mapped at: 0x0000021c10000000-0x0000021c50000000, reserved size: 1073741824
Narrow klass base: 0x0000021c0f000000, Narrow klass shift: 0, Narrow klass range: 0x100000000

GC Precious Log:
 CardTable entry size: 512
 CPUs: 8 total, 8 available
 Memory: 7455M
 Large Page Support: Disabled
 NUMA Support: Disabled
 Compressed Oops: Enabled (32-bit)
 Alignments: Space 512K, Generation 512K, Heap 2M
 Heap Min Capacity: 100M
 Heap Initial Capacity: 100M
 Heap Max Capacity: 2G
 Pre-touch: Disabled
 Parallel Workers: 8

Heap:
 PSYoungGen      total 3072K, used 1731K [0x00000000d5580000, 0x00000000d5a00000, 0x0000000100000000)
  eden space 2560K, 48% used [0x00000000d5580000,0x00000000d56b4e90,0x00000000d5800000)
  from space 512K, 96% used [0x00000000d5880000,0x00000000d58fc010,0x00000000d5900000)
  to   space 1024K, 0% used [0x00000000d5900000,0x00000000d5900000,0x00000000d5a00000)
 ParOldGen       total 834560K, used 282183K [0x0000000080000000, 0x00000000b2f00000, 0x00000000d5580000)
  object space 834560K, 33% used [0x0000000080000000,0x0000000091391fd8,0x00000000b2f00000)
 Metaspace       used 76495K, committed 78016K, reserved 1179648K
  class space    used 7882K, committed 8512K, reserved 1048576K

Card table byte_map: [0x0000021c703b0000,0x0000021c707c0000] _byte_map_base: 0x0000021c6ffb0000

Marking Bits: (ParMarkBitMap*) 0x00007ff9741e4460
 Begin Bits: [0x0000021c73ec0000, 0x0000021c75ec0000)
 End Bits:   [0x0000021c75ec0000, 0x0000021c77ec0000)

Polling page: 0x0000021c6ea70000

Metaspace:

Usage:
  Non-class:     67.01 MB used.
      Class:      7.70 MB used.
       Both:     74.70 MB used.

Virtual space:
  Non-class space:      128.00 MB reserved,      67.88 MB ( 53%) committed,  2 nodes.
      Class space:        1.00 GB reserved,       8.31 MB ( <1%) committed,  1 nodes.
             Both:        1.12 GB reserved,      76.19 MB (  7%) committed. 

Chunk freelists:
   Non-Class:  11.69 MB
       Class:  7.63 MB
        Both:  19.32 MB

MaxMetaspaceSize: unlimited
CompressedClassSpaceSize: 1.00 GB
Initial GC threshold: 21.00 MB
Current GC threshold: 125.56 MB
CDS: on
 - commit_granule_bytes: 65536.
 - commit_granule_words: 8192.
 - virtual_space_node_default_size: 8388608.
 - enlarge_chunks_in_place: 1.
 - use_allocation_guard: 0.


Internal statistics:

num_allocs_failed_limit: 9.
num_arena_births: 1420.
num_arena_deaths: 46.
num_vsnodes_births: 3.
num_vsnodes_deaths: 0.
num_space_committed: 1219.
num_space_uncommitted: 0.
num_chunks_returned_to_freelist: 68.
num_chunks_taken_from_freelist: 5057.
num_chunk_merges: 20.
num_chunk_splits: 2982.
num_chunks_enlarged: 1626.
num_inconsistent_stats: 0.

CodeHeap 'non-profiled nmethods': size=120000Kb used=12723Kb max_used=12723Kb free=107276Kb
 bounds [0x0000021c07ad0000, 0x0000021c08740000, 0x0000021c0f000000]
CodeHeap 'profiled nmethods': size=120000Kb used=38186Kb max_used=39630Kb free=81813Kb
 bounds [0x0000021c00000000, 0x0000021c026c0000, 0x0000021c07530000]
CodeHeap 'non-nmethods': size=5760Kb used=1475Kb max_used=1554Kb free=4284Kb
 bounds [0x0000021c07530000, 0x0000021c077a0000, 0x0000021c07ad0000]
CodeCache: size=245760Kb, used=52384Kb, max_used=53907Kb, free=193373Kb
 total_blobs=17344, nmethods=16552, adapters=695, full_count=0
Compilation: enabled, stopped_count=0, restarted_count=0

Compilation events (20 events):
Event: 1141.176 Thread 0x0000021c7e0391a0 18397       3       org.eclipse.aether.util.version.GenericVersionScheme::parseVersionConstraint (262 bytes)
Event: 1141.190 Thread 0x0000021c7e0391a0 nmethod 18397 0x0000021c00e3a390 code [0x0000021c00e3a960, 0x0000021c00e3d5a0]
Event: 1141.190 Thread 0x0000021c7e0391a0 18401       3       org.eclipse.aether.util.version.GenericVersion::trimPadding (122 bytes)
Event: 1141.193 Thread 0x0000021c7e0391a0 nmethod 18401 0x0000021c008e1910 code [0x0000021c008e1bc0, 0x0000021c008e2c38]
Event: 1141.193 Thread 0x0000021c7e0391a0 18402       3       org.eclipse.aether.resolution.VersionRangeResult::addVersion (36 bytes)
Event: 1141.194 Thread 0x0000021c7e0391a0 nmethod 18402 0x0000021c00f5c190 code [0x0000021c00f5c380, 0x0000021c00f5c898]
Event: 1141.228 Thread 0x0000021c7e0391a0 18404       3       org.apache.maven.model.io.xpp3.MavenXpp3Reader::read (149 bytes)
Event: 1141.232 Thread 0x0000021c7e0391a0 nmethod 18404 0x0000021c0093e910 code [0x0000021c0093ec20, 0x0000021c0093fa40]
Event: 1141.246 Thread 0x0000021c7e0391a0 18405       3       org.apache.maven.model.building.DefaultModelProblemCollector::hasErrors (36 bytes)
Event: 1141.247 Thread 0x0000021c7e0391a0 nmethod 18405 0x0000021c009e4e10 code [0x0000021c009e4fe0, 0x0000021c009e5320]
Event: 1141.257 Thread 0x0000021c7e0391a0 18406       3       java.util.concurrent.locks.AbstractQueuedSynchronizer$ConditionObject::enableWait (84 bytes)
Event: 1141.260 Thread 0x0000021c7e0391a0 nmethod 18406 0x0000021c00435690 code [0x0000021c004358a0, 0x0000021c00435ed8]
Event: 1141.306 Thread 0x0000021c7e0391a0 18407       3       org.apache.maven.model.io.xpp3.MavenXpp3Reader::parseBuild (857 bytes)
Event: 1141.338 Thread 0x0000021c7e0391a0 nmethod 18407 0x0000021c00614490 code [0x0000021c00614ea0, 0x0000021c0061a258]
Event: 1141.343 Thread 0x0000021c7e0391a0 18408       1       org.apache.maven.model.Site::getId (5 bytes)
Event: 1141.343 Thread 0x0000021c7e0391a0 nmethod 18408 0x0000021c0873cc90 code [0x0000021c0873ce20, 0x0000021c0873cee8]
Event: 1141.352 Thread 0x0000021c7e0391a0 18409       3       org.apache.maven.model.inheritance.DefaultInheritanceAssembler$InheritanceModelMerger::appendPath (63 bytes)
Event: 1141.354 Thread 0x0000021c7e0391a0 nmethod 18409 0x0000021c00ac6710 code [0x0000021c00ac6980, 0x0000021c00ac7270]
Event: 1141.405 Thread 0x0000021c7e0391a0 18411       3       org.apache.maven.model.IssueManagement::getLocation (147 bytes)
Event: 1141.406 Thread 0x0000021c7e0391a0 nmethod 18411 0x0000021c00903d90 code [0x0000021c00904000, 0x0000021c00904bc8]

GC Heap History (20 events):
Event: 1135.668 GC heap before
{Heap before GC invocations=2193 (full 4):
 PSYoungGen      total 3072K, used 3046K [0x00000000d5580000, 0x00000000d5a00000, 0x0000000100000000)
  eden space 2560K, 99% used [0x00000000d5580000,0x00000000d57fda58,0x00000000d5800000)
  from space 512K, 96% used [0x00000000d5900000,0x00000000d597c010,0x00000000d5980000)
  to   space 1024K, 0% used [0x00000000d5800000,0x00000000d5800000,0x00000000d5900000)
 ParOldGen       total 834560K, used 278585K [0x0000000080000000, 0x00000000b2f00000, 0x00000000d5580000)
  object space 834560K, 33% used [0x0000000080000000,0x000000009100e458,0x00000000b2f00000)
 Metaspace       used 76180K, committed 77760K, reserved 1179648K
  class space    used 7857K, committed 8512K, reserved 1048576K
}
Event: 1135.675 GC heap after
{Heap after GC invocations=2193 (full 4):
 PSYoungGen      total 3584K, used 368K [0x00000000d5580000, 0x00000000d5980000, 0x0000000100000000)
  eden space 2560K, 0% used [0x00000000d5580000,0x00000000d5580000,0x00000000d5800000)
  from space 1024K, 35% used [0x00000000d5800000,0x00000000d585c010,0x00000000d5900000)
  to   space 512K, 0% used [0x00000000d5900000,0x00000000d5900000,0x00000000d5980000)
 ParOldGen       total 834560K, used 278873K [0x0000000080000000, 0x00000000b2f00000, 0x00000000d5580000)
  object space 834560K, 33% used [0x0000000080000000,0x0000000091056458,0x00000000b2f00000)
 Metaspace       used 76180K, committed 77760K, reserved 1179648K
  class space    used 7857K, committed 8512K, reserved 1048576K
}
Event: 1135.737 GC heap before
{Heap before GC invocations=2194 (full 4):
 PSYoungGen      total 3584K, used 2928K [0x00000000d5580000, 0x00000000d5980000, 0x0000000100000000)
  eden space 2560K, 100% used [0x00000000d5580000,0x00000000d5800000,0x00000000d5800000)
  from space 1024K, 35% used [0x00000000d5800000,0x00000000d585c010,0x00000000d5900000)
  to   space 512K, 0% used [0x00000000d5900000,0x00000000d5900000,0x00000000d5980000)
 ParOldGen       total 834560K, used 278873K [0x0000000080000000, 0x00000000b2f00000, 0x00000000d5580000)
  object space 834560K, 33% used [0x0000000080000000,0x0000000091056458,0x00000000b2f00000)
 Metaspace       used 76185K, committed 77760K, reserved 1179648K
  class space    used 7857K, committed 8512K, reserved 1048576K
}
Event: 1135.742 GC heap after
{Heap after GC invocations=2194 (full 4):
 PSYoungGen      total 3072K, used 512K [0x00000000d5580000, 0x00000000d5a00000, 0x0000000100000000)
  eden space 2560K, 0% used [0x00000000d5580000,0x00000000d5580000,0x00000000d5800000)
  from space 512K, 100% used [0x00000000d5900000,0x00000000d5980000,0x00000000d5980000)
  to   space 1024K, 0% used [0x00000000d5800000,0x00000000d5800000,0x00000000d5900000)
 ParOldGen       total 834560K, used 279065K [0x0000000080000000, 0x00000000b2f00000, 0x00000000d5580000)
  object space 834560K, 33% used [0x0000000080000000,0x0000000091086458,0x00000000b2f00000)
 Metaspace       used 76185K, committed 77760K, reserved 1179648K
  class space    used 7857K, committed 8512K, reserved 1048576K
}
Event: 1135.902 GC heap before
{Heap before GC invocations=2195 (full 4):
 PSYoungGen      total 3072K, used 3071K [0x00000000d5580000, 0x00000000d5a00000, 0x0000000100000000)
  eden space 2560K, 99% used [0x00000000d5580000,0x00000000d57fffd8,0x00000000d5800000)
  from space 512K, 100% used [0x00000000d5900000,0x00000000d5980000,0x00000000d5980000)
  to   space 1024K, 0% used [0x00000000d5800000,0x00000000d5800000,0x00000000d5900000)
 ParOldGen       total 834560K, used 279065K [0x0000000080000000, 0x00000000b2f00000, 0x00000000d5580000)
  object space 834560K, 33% used [0x0000000080000000,0x0000000091086458,0x00000000b2f00000)
 Metaspace       used 76190K, committed 77760K, reserved 1179648K
  class space    used 7857K, committed 8512K, reserved 1048576K
}
Event: 1135.911 GC heap after
{Heap after GC invocations=2195 (full 4):
 PSYoungGen      total 3584K, used 384K [0x00000000d5580000, 0x00000000d5980000, 0x0000000100000000)
  eden space 2560K, 0% used [0x00000000d5580000,0x00000000d5580000,0x00000000d5800000)
  from space 1024K, 37% used [0x00000000d5800000,0x00000000d5860000,0x00000000d5900000)
  to   space 512K, 0% used [0x00000000d5900000,0x00000000d5900000,0x00000000d5980000)
 ParOldGen       total 834560K, used 279541K [0x0000000080000000, 0x00000000b2f00000, 0x00000000d5580000)
  object space 834560K, 33% used [0x0000000080000000,0x00000000910fd468,0x00000000b2f00000)
 Metaspace       used 76190K, committed 77760K, reserved 1179648K
  class space    used 7857K, committed 8512K, reserved 1048576K
}
Event: 1138.149 GC heap before
{Heap before GC invocations=2196 (full 4):
 PSYoungGen      total 3584K, used 2944K [0x00000000d5580000, 0x00000000d5980000, 0x0000000100000000)
  eden space 2560K, 100% used [0x00000000d5580000,0x00000000d5800000,0x00000000d5800000)
  from space 1024K, 37% used [0x00000000d5800000,0x00000000d5860000,0x00000000d5900000)
  to   space 512K, 0% used [0x00000000d5900000,0x00000000d5900000,0x00000000d5980000)
 ParOldGen       total 834560K, used 279541K [0x0000000080000000, 0x00000000b2f00000, 0x00000000d5580000)
  object space 834560K, 33% used [0x0000000080000000,0x00000000910fd468,0x00000000b2f00000)
 Metaspace       used 76276K, committed 77824K, reserved 1179648K
  class space    used 7860K, committed 8512K, reserved 1048576K
}
Event: 1138.160 GC heap after
{Heap after GC invocations=2196 (full 4):
 PSYoungGen      total 3072K, used 416K [0x00000000d5580000, 0x00000000d5980000, 0x0000000100000000)
  eden space 2560K, 0% used [0x00000000d5580000,0x00000000d5580000,0x00000000d5800000)
  from space 512K, 81% used [0x00000000d5900000,0x00000000d5968000,0x00000000d5980000)
  to   space 512K, 0% used [0x00000000d5880000,0x00000000d5880000,0x00000000d5900000)
 ParOldGen       total 834560K, used 279765K [0x0000000080000000, 0x00000000b2f00000, 0x00000000d5580000)
  object space 834560K, 33% used [0x0000000080000000,0x0000000091135468,0x00000000b2f00000)
 Metaspace       used 76276K, committed 77824K, reserved 1179648K
  class space    used 7860K, committed 8512K, reserved 1048576K
}
Event: 1139.204 GC heap before
{Heap before GC invocations=2197 (full 4):
 PSYoungGen      total 3072K, used 2950K [0x00000000d5580000, 0x00000000d5980000, 0x0000000100000000)
  eden space 2560K, 99% used [0x00000000d5580000,0x00000000d57f99e0,0x00000000d5800000)
  from space 512K, 81% used [0x00000000d5900000,0x00000000d5968000,0x00000000d5980000)
  to   space 512K, 0% used [0x00000000d5880000,0x00000000d5880000,0x00000000d5900000)
 ParOldGen       total 834560K, used 279765K [0x0000000080000000, 0x00000000b2f00000, 0x00000000d5580000)
  object space 834560K, 33% used [0x0000000080000000,0x0000000091135468,0x00000000b2f00000)
 Metaspace       used 76386K, committed 77952K, reserved 1179648K
  class space    used 7873K, committed 8512K, reserved 1048576K
}
Event: 1139.214 GC heap after
{Heap after GC invocations=2197 (full 4):
 PSYoungGen      total 3072K, used 343K [0x00000000d5580000, 0x00000000d5980000, 0x0000000100000000)
  eden space 2560K, 0% used [0x00000000d5580000,0x00000000d5580000,0x00000000d5800000)
  from space 512K, 67% used [0x00000000d5880000,0x00000000d58d5f60,0x00000000d5900000)
  to   space 512K, 0% used [0x00000000d5900000,0x00000000d5900000,0x00000000d5980000)
 ParOldGen       total 834560K, used 280061K [0x0000000080000000, 0x00000000b2f00000, 0x00000000d5580000)
  object space 834560K, 33% used [0x0000000080000000,0x000000009117f478,0x00000000b2f00000)
 Metaspace       used 76386K, committed 77952K, reserved 1179648K
  class space    used 7873K, committed 8512K, reserved 1048576K
}
Event: 1140.877 GC heap before
{Heap before GC invocations=2198 (full 4):
 PSYoungGen      total 3072K, used 2903K [0x00000000d5580000, 0x00000000d5980000, 0x0000000100000000)
  eden space 2560K, 100% used [0x00000000d5580000,0x00000000d5800000,0x00000000d5800000)
  from space 512K, 67% used [0x00000000d5880000,0x00000000d58d5f60,0x00000000d5900000)
  to   space 512K, 0% used [0x00000000d5900000,0x00000000d5900000,0x00000000d5980000)
 ParOldGen       total 834560K, used 280061K [0x0000000080000000, 0x00000000b2f00000, 0x00000000d5580000)
  object space 834560K, 33% used [0x0000000080000000,0x000000009117f478,0x00000000b2f00000)
 Metaspace       used 76483K, committed 78016K, reserved 1179648K
  class space    used 7882K, committed 8512K, reserved 1048576K
}
Event: 1140.885 GC heap after
{Heap after GC invocations=2198 (full 4):
 PSYoungGen      total 3072K, used 448K [0x00000000d5580000, 0x00000000d5980000, 0x0000000100000000)
  eden space 2560K, 0% used [0x00000000d5580000,0x00000000d5580000,0x00000000d5800000)
  from space 512K, 87% used [0x00000000d5900000,0x00000000d5970000,0x00000000d5980000)
  to   space 512K, 0% used [0x00000000d5880000,0x00000000d5880000,0x00000000d5900000)
 ParOldGen       total 834560K, used 280279K [0x0000000080000000, 0x00000000b2f00000, 0x00000000d5580000)
  object space 834560K, 33% used [0x0000000080000000,0x00000000911b5f88,0x00000000b2f00000)
 Metaspace       used 76483K, committed 78016K, reserved 1179648K
  class space    used 7882K, committed 8512K, reserved 1048576K
}
Event: 1141.034 GC heap before
{Heap before GC invocations=2199 (full 4):
 PSYoungGen      total 3072K, used 3000K [0x00000000d5580000, 0x00000000d5980000, 0x0000000100000000)
  eden space 2560K, 99% used [0x00000000d5580000,0x00000000d57fe308,0x00000000d5800000)
  from space 512K, 87% used [0x00000000d5900000,0x00000000d5970000,0x00000000d5980000)
  to   space 512K, 0% used [0x00000000d5880000,0x00000000d5880000,0x00000000d5900000)
 ParOldGen       total 834560K, used 280279K [0x0000000080000000, 0x00000000b2f00000, 0x00000000d5580000)
  object space 834560K, 33% used [0x0000000080000000,0x00000000911b5f88,0x00000000b2f00000)
 Metaspace       used 76484K, committed 78016K, reserved 1179648K
  class space    used 7882K, committed 8512K, reserved 1048576K
}
Event: 1141.042 GC heap after
{Heap after GC invocations=2199 (full 4):
 PSYoungGen      total 3072K, used 512K [0x00000000d5580000, 0x00000000d5b00000, 0x0000000100000000)
  eden space 2560K, 0% used [0x00000000d5580000,0x00000000d5580000,0x00000000d5800000)
  from space 512K, 100% used [0x00000000d5880000,0x00000000d5900000,0x00000000d5900000)
  to   space 1536K, 0% used [0x00000000d5980000,0x00000000d5980000,0x00000000d5b00000)
 ParOldGen       total 834560K, used 280743K [0x0000000080000000, 0x00000000b2f00000, 0x00000000d5580000)
  object space 834560K, 33% used [0x0000000080000000,0x0000000091229f88,0x00000000b2f00000)
 Metaspace       used 76484K, committed 78016K, reserved 1179648K
  class space    used 7882K, committed 8512K, reserved 1048576K
}
Event: 1141.111 GC heap before
{Heap before GC invocations=2200 (full 4):
 PSYoungGen      total 3072K, used 3072K [0x00000000d5580000, 0x00000000d5b00000, 0x0000000100000000)
  eden space 2560K, 100% used [0x00000000d5580000,0x00000000d5800000,0x00000000d5800000)
  from space 512K, 100% used [0x00000000d5880000,0x00000000d5900000,0x00000000d5900000)
  to   space 1536K, 0% used [0x00000000d5980000,0x00000000d5980000,0x00000000d5b00000)
 ParOldGen       total 834560K, used 280743K [0x0000000080000000, 0x00000000b2f00000, 0x00000000d5580000)
  object space 834560K, 33% used [0x0000000080000000,0x0000000091229f88,0x00000000b2f00000)
 Metaspace       used 76484K, committed 78016K, reserved 1179648K
  class space    used 7882K, committed 8512K, reserved 1048576K
}
Event: 1141.121 GC heap after
{Heap after GC invocations=2200 (full 4):
 PSYoungGen      total 3584K, used 656K [0x00000000d5580000, 0x00000000d5a80000, 0x0000000100000000)
  eden space 2560K, 0% used [0x00000000d5580000,0x00000000d5580000,0x00000000d5800000)
  from space 1024K, 64% used [0x00000000d5980000,0x00000000d5a24010,0x00000000d5a80000)
  to   space 1024K, 0% used [0x00000000d5880000,0x00000000d5880000,0x00000000d5980000)
 ParOldGen       total 834560K, used 281219K [0x0000000080000000, 0x00000000b2f00000, 0x00000000d5580000)
  object space 834560K, 33% used [0x0000000080000000,0x00000000912a0fa8,0x00000000b2f00000)
 Metaspace       used 76484K, committed 78016K, reserved 1179648K
  class space    used 7882K, committed 8512K, reserved 1048576K
}
Event: 1141.199 GC heap before
{Heap before GC invocations=2201 (full 4):
 PSYoungGen      total 3584K, used 3216K [0x00000000d5580000, 0x00000000d5a80000, 0x0000000100000000)
  eden space 2560K, 100% used [0x00000000d5580000,0x00000000d5800000,0x00000000d5800000)
  from space 1024K, 64% used [0x00000000d5980000,0x00000000d5a24010,0x00000000d5a80000)
  to   space 1024K, 0% used [0x00000000d5880000,0x00000000d5880000,0x00000000d5980000)
 ParOldGen       total 834560K, used 281219K [0x0000000080000000, 0x00000000b2f00000, 0x00000000d5580000)
  object space 834560K, 33% used [0x0000000080000000,0x00000000912a0fa8,0x00000000b2f00000)
 Metaspace       used 76490K, committed 78016K, reserved 1179648K
  class space    used 7882K, committed 8512K, reserved 1048576K
}
Event: 1141.209 GC heap after
{Heap after GC invocations=2201 (full 4):
 PSYoungGen      total 3072K, used 448K [0x00000000d5580000, 0x00000000d5a00000, 0x0000000100000000)
  eden space 2560K, 0% used [0x00000000d5580000,0x00000000d5580000,0x00000000d5800000)
  from space 512K, 87% used [0x00000000d5880000,0x00000000d58f0000,0x00000000d5900000)
  to   space 1024K, 0% used [0x00000000d5900000,0x00000000d5900000,0x00000000d5a00000)
 ParOldGen       total 834560K, used 281691K [0x0000000080000000, 0x00000000b2f00000, 0x00000000d5580000)
  object space 834560K, 33% used [0x0000000080000000,0x0000000091316fa8,0x00000000b2f00000)
 Metaspace       used 76490K, committed 78016K, reserved 1179648K
  class space    used 7882K, committed 8512K, reserved 1048576K
}
Event: 1141.327 GC heap before
{Heap before GC invocations=2202 (full 4):
 PSYoungGen      total 3072K, used 2999K [0x00000000d5580000, 0x00000000d5a00000, 0x0000000100000000)
  eden space 2560K, 99% used [0x00000000d5580000,0x00000000d57fde30,0x00000000d5800000)
  from space 512K, 87% used [0x00000000d5880000,0x00000000d58f0000,0x00000000d5900000)
  to   space 1024K, 0% used [0x00000000d5900000,0x00000000d5900000,0x00000000d5a00000)
 ParOldGen       total 834560K, used 281691K [0x0000000080000000, 0x00000000b2f00000, 0x00000000d5580000)
  object space 834560K, 33% used [0x0000000080000000,0x0000000091316fa8,0x00000000b2f00000)
 Metaspace       used 76492K, committed 78016K, reserved 1179648K
  class space    used 7882K, committed 8512K, reserved 1048576K
}
Event: 1141.334 GC heap after
{Heap after GC invocations=2202 (full 4):
 PSYoungGen      total 3072K, used 256K [0x00000000d5580000, 0x00000000d5980000, 0x0000000100000000)
  eden space 2560K, 0% used [0x00000000d5580000,0x00000000d5580000,0x00000000d5800000)
  from space 512K, 50% used [0x00000000d5900000,0x00000000d5940020,0x00000000d5980000)
  to   space 512K, 0% used [0x00000000d5880000,0x00000000d5880000,0x00000000d5900000)
 ParOldGen       total 834560K, used 282039K [0x0000000080000000, 0x00000000b2f00000, 0x00000000d5580000)
  object space 834560K, 33% used [0x0000000080000000,0x000000009136dfd8,0x00000000b2f00000)
 Metaspace       used 76492K, committed 78016K, reserved 1179648K
  class space    used 7882K, committed 8512K, reserved 1048576K
}

Dll operation events (14 events):
Event: 0.078 Loaded shared library c:\Users\iamhe\.antigravity-ide\extensions\redhat.java-1.55.0-win32-x64\jre\21.0.11-win32-x86_64\bin\java.dll
Event: 0.765 Loaded shared library c:\Users\iamhe\.antigravity-ide\extensions\redhat.java-1.55.0-win32-x64\jre\21.0.11-win32-x86_64\bin\zip.dll
Event: 0.827 Loaded shared library C:\Users\iamhe\.antigravity-ide\extensions\redhat.java-1.55.0-win32-x64\jre\21.0.11-win32-x86_64\bin\instrument.dll
Event: 0.841 Loaded shared library C:\Users\iamhe\.antigravity-ide\extensions\redhat.java-1.55.0-win32-x64\jre\21.0.11-win32-x86_64\bin\net.dll
Event: 0.847 Loaded shared library C:\Users\iamhe\.antigravity-ide\extensions\redhat.java-1.55.0-win32-x64\jre\21.0.11-win32-x86_64\bin\nio.dll
Event: 0.866 Loaded shared library C:\Users\iamhe\.antigravity-ide\extensions\redhat.java-1.55.0-win32-x64\jre\21.0.11-win32-x86_64\bin\zip.dll
Event: 0.959 Loaded shared library C:\Users\iamhe\.antigravity-ide\extensions\redhat.java-1.55.0-win32-x64\jre\21.0.11-win32-x86_64\bin\jimage.dll
Event: 1.199 Loaded shared library c:\Users\iamhe\.antigravity-ide\extensions\redhat.java-1.55.0-win32-x64\jre\21.0.11-win32-x86_64\bin\verify.dll
Event: 29.787 Loaded shared library C:\Users\iamhe\AppData\Roaming\Antigravity IDE\User\globalStorage\redhat.java\1.55.0\config_win\org.eclipse.equinox.launcher\org.eclipse.equinox.launcher.win32.win32.x86_64_1.3.100.v20260613-0559\eclipse_11924.dll
Event: 64.013 Loaded shared library C:\Users\iamhe\.antigravity-ide\extensions\redhat.java-1.55.0-win32-x64\jre\21.0.11-win32-x86_64\bin\management.dll
Event: 64.029 Loaded shared library C:\Users\iamhe\.antigravity-ide\extensions\redhat.java-1.55.0-win32-x64\jre\21.0.11-win32-x86_64\bin\management_ext.dll
Event: 68.123 Loaded shared library C:\Users\iamhe\AppData\Local\Temp\jna-99967506\jna13119686093940454657.dll
Event: 69.906 Loaded shared library C:\Users\iamhe\.antigravity-ide\extensions\redhat.java-1.55.0-win32-x64\jre\21.0.11-win32-x86_64\bin\sunmscapi.dll
Event: 70.274 Loaded shared library C:\Users\iamhe\.antigravity-ide\extensions\redhat.java-1.55.0-win32-x64\jre\21.0.11-win32-x86_64\bin\extnet.dll

Deoptimization events (20 events):
Event: 1135.730 Thread 0x0000021c7f937e20 Uncommon trap: trap_request=0xffffffc6 fr.pc=0x0000021c08194910 relative=0x0000000000000410
Event: 1135.730 Thread 0x0000021c7f937e20 Uncommon trap: reason=bimorphic_or_optimized_type_check action=maybe_recompile pc=0x0000021c08194910 method=java.util.Arrays.binarySearch0([Ljava/lang/Object;IILjava/lang/Object;Ljava/util/Comparator;)I @ 48 c2
Event: 1135.732 Thread 0x0000021c7f937e20 DEOPT PACKING pc=0x0000021c08194910 sp=0x00000082144fc790
Event: 1135.732 Thread 0x0000021c7f937e20 DEOPT UNPACKING pc=0x0000021c07583aa2 sp=0x00000082144fc738 mode 2
Event: 1135.734 Thread 0x0000021c7f937e20 Uncommon trap: trap_request=0xffffffc6 fr.pc=0x0000021c08194910 relative=0x0000000000000410
Event: 1135.734 Thread 0x0000021c7f937e20 Uncommon trap: reason=bimorphic_or_optimized_type_check action=maybe_recompile pc=0x0000021c08194910 method=java.util.Arrays.binarySearch0([Ljava/lang/Object;IILjava/lang/Object;Ljava/util/Comparator;)I @ 48 c2
Event: 1135.734 Thread 0x0000021c7f937e20 DEOPT PACKING pc=0x0000021c08194910 sp=0x00000082144fc790
Event: 1135.734 Thread 0x0000021c7f937e20 DEOPT UNPACKING pc=0x0000021c07583aa2 sp=0x00000082144fc738 mode 2
Event: 1138.032 Thread 0x0000021c7f937e20 DEOPT PACKING pc=0x0000021c00134fb9 sp=0x00000082144fc3c0
Event: 1138.032 Thread 0x0000021c7f937e20 DEOPT UNPACKING pc=0x0000021c07584242 sp=0x00000082144fb8c0 mode 0
Event: 1140.934 Thread 0x0000021c531953c0 DEOPT PACKING pc=0x0000021c00cdea48 sp=0x00000082154fe210
Event: 1140.934 Thread 0x0000021c531953c0 DEOPT UNPACKING pc=0x0000021c07584242 sp=0x00000082154fd6b8 mode 0
Event: 1141.210 Thread 0x0000021c53194d30 DEOPT PACKING pc=0x0000021c00d9dd0a sp=0x00000082153fdc50
Event: 1141.214 Thread 0x0000021c53194d30 DEOPT UNPACKING pc=0x0000021c07584242 sp=0x00000082153fd0d0 mode 0
Event: 1141.220 Thread 0x0000021c53194d30 Uncommon trap: trap_request=0xffffff45 fr.pc=0x0000021c07f35e20 relative=0x00000000000003a0
Event: 1141.220 Thread 0x0000021c53194d30 Uncommon trap: reason=unstable_if action=reinterpret pc=0x0000021c07f35e20 method=java.util.concurrent.ConcurrentHashMap.addCount(JI)V @ 97 c2
Event: 1141.221 Thread 0x0000021c53194d30 DEOPT PACKING pc=0x0000021c07f35e20 sp=0x00000082153fde00
Event: 1141.221 Thread 0x0000021c53194d30 DEOPT UNPACKING pc=0x0000021c07583aa2 sp=0x00000082153fdcc8 mode 2
Event: 1141.225 Thread 0x0000021c531953c0 DEOPT PACKING pc=0x0000021c0219e82d sp=0x00000082154fe950
Event: 1141.226 Thread 0x0000021c531953c0 DEOPT UNPACKING pc=0x0000021c07584242 sp=0x00000082154fde08 mode 0

Classes loaded (20 events):
Event: 118.939 Loading class java/util/Hashtable$ValueCollection
Event: 118.941 Loading class java/util/Hashtable$ValueCollection done
Event: 118.971 Loading class java/util/concurrent/ConcurrentHashMap$KeySpliterator
Event: 118.973 Loading class java/util/concurrent/ConcurrentHashMap$KeySpliterator done
Event: 120.283 Loading class java/lang/StringLatin1$LinesSpliterator
Event: 120.290 Loading class java/lang/StringLatin1$LinesSpliterator done
Event: 125.910 Loading class java/io/CharArrayWriter
Event: 125.911 Loading class java/io/CharArrayWriter done
Event: 1113.695 Loading class java/io/SequenceInputStream
Event: 1113.724 Loading class java/io/SequenceInputStream done
Event: 1114.599 Loading class com/sun/org/apache/xerces/internal/util/URI
Event: 1114.925 Loading class com/sun/org/apache/xerces/internal/util/URI done
Event: 1116.352 Loading class org/xml/sax/SAXNotRecognizedException
Event: 1116.362 Loading class org/xml/sax/SAXNotRecognizedException done
Event: 1116.366 Loading class org/xml/sax/SAXNotSupportedException
Event: 1116.374 Loading class org/xml/sax/SAXNotSupportedException done
Event: 1116.525 Loading class com/sun/org/apache/xerces/internal/xni/XNIException
Event: 1116.531 Loading class com/sun/org/apache/xerces/internal/xni/XNIException done
Event: 1116.543 Loading class com/sun/org/apache/xerces/internal/xni/parser/XMLParseException
Event: 1116.568 Loading class com/sun/org/apache/xerces/internal/xni/parser/XMLParseException done

Classes unloaded (20 events):
Event: 65.690 Thread 0x0000021c70ace910 Unloading class 0x0000021c101a8000 'java/lang/invoke/LambdaForm$MH+0x0000021c101a8000'
Event: 65.690 Thread 0x0000021c70ace910 Unloading class 0x0000021c101a7c00 'java/lang/invoke/LambdaForm$BMH+0x0000021c101a7c00'
Event: 65.690 Thread 0x0000021c70ace910 Unloading class 0x0000021c101a7800 'java/lang/invoke/LambdaForm$DMH+0x0000021c101a7800'
Event: 65.690 Thread 0x0000021c70ace910 Unloading class 0x0000021c101a6400 'java/lang/invoke/LambdaForm$DMH+0x0000021c101a6400'
Event: 68.436 Thread 0x0000021c70ace910 Unloading class 0x0000021c102e6400 'java/lang/invoke/LambdaForm$MH+0x0000021c102e6400'
Event: 68.436 Thread 0x0000021c70ace910 Unloading class 0x0000021c102e6000 'java/lang/invoke/LambdaForm$MH+0x0000021c102e6000'
Event: 68.436 Thread 0x0000021c70ace910 Unloading class 0x0000021c102e5800 'java/lang/invoke/LambdaForm$MH+0x0000021c102e5800'
Event: 68.436 Thread 0x0000021c70ace910 Unloading class 0x0000021c102e5000 'java/lang/invoke/LambdaForm$MH+0x0000021c102e5000'
Event: 68.436 Thread 0x0000021c70ace910 Unloading class 0x0000021c102e4800 'java/lang/invoke/LambdaForm$DMH+0x0000021c102e4800'
Event: 68.436 Thread 0x0000021c70ace910 Unloading class 0x0000021c102e4000 'java/lang/invoke/LambdaForm$MH+0x0000021c102e4000'
Event: 68.436 Thread 0x0000021c70ace910 Unloading class 0x0000021c102e0400 'java/lang/invoke/LambdaForm$MH+0x0000021c102e0400'
Event: 68.436 Thread 0x0000021c70ace910 Unloading class 0x0000021c102dbc00 'java/lang/invoke/LambdaForm$MH+0x0000021c102dbc00'
Event: 68.436 Thread 0x0000021c70ace910 Unloading class 0x0000021c102db400 'java/lang/invoke/LambdaForm$MH+0x0000021c102db400'
Event: 68.436 Thread 0x0000021c70ace910 Unloading class 0x0000021c102dac00 'java/lang/invoke/LambdaForm$MH+0x0000021c102dac00'
Event: 68.436 Thread 0x0000021c70ace910 Unloading class 0x0000021c102da800 'java/lang/invoke/LambdaForm$MH+0x0000021c102da800'
Event: 68.436 Thread 0x0000021c70ace910 Unloading class 0x0000021c102da000 'java/lang/invoke/LambdaForm$MH+0x0000021c102da000'
Event: 91.879 Thread 0x0000021c70ace910 Unloading class 0x0000021c1066d000 'java/lang/invoke/LambdaForm$DMH+0x0000021c1066d000'
Event: 91.879 Thread 0x0000021c70ace910 Unloading class 0x0000021c1066c800 'java/lang/invoke/LambdaForm$DMH+0x0000021c1066c800'
Event: 91.879 Thread 0x0000021c70ace910 Unloading class 0x0000021c1066c000 'java/lang/invoke/LambdaForm$DMH+0x0000021c1066c000'
Event: 91.879 Thread 0x0000021c70ace910 Unloading class 0x0000021c1066cc00 'java/lang/invoke/LambdaForm$DMH+0x0000021c1066cc00'

Classes redefined (0 events):
No events

Internal exceptions (20 events):
Event: 237.338 Thread 0x0000021c7f937790 Exception <a 'sun/nio/fs/WindowsException'{0x00000000d5779688}> (0x00000000d5779688) 
thrown [s\src\hotspot\share\prims\jni.cpp, line 520]
Event: 237.438 Thread 0x0000021c7f937790 Exception <a 'sun/nio/fs/WindowsException'{0x00000000d57dd6c8}> (0x00000000d57dd6c8) 
thrown [s\src\hotspot\share\prims\jni.cpp, line 520]
Event: 237.517 Thread 0x0000021c7f937790 Exception <a 'sun/nio/fs/WindowsException'{0x00000000d5699ea0}> (0x00000000d5699ea0) 
thrown [s\src\hotspot\share\prims\jni.cpp, line 520]
Event: 237.572 Thread 0x0000021c7f937790 Exception <a 'sun/nio/fs/WindowsException'{0x00000000d57484a0}> (0x00000000d57484a0) 
thrown [s\src\hotspot\share\prims\jni.cpp, line 520]
Event: 238.356 Thread 0x0000021c7f937790 Exception <a 'sun/nio/fs/WindowsException'{0x00000000d55b01e0}> (0x00000000d55b01e0) 
thrown [s\src\hotspot\share\prims\jni.cpp, line 520]
Event: 238.407 Thread 0x0000021c7f937790 Exception <a 'sun/nio/fs/WindowsException'{0x00000000d568ea68}> (0x00000000d568ea68) 
thrown [s\src\hotspot\share\prims\jni.cpp, line 520]
Event: 238.838 Thread 0x0000021c7f937790 Exception <a 'sun/nio/fs/WindowsException'{0x00000000d5625fc0}> (0x00000000d5625fc0) 
thrown [s\src\hotspot\share\prims\jni.cpp, line 520]
Event: 238.982 Thread 0x0000021c7f937790 Exception <a 'sun/nio/fs/WindowsException'{0x00000000d5728a80}> (0x00000000d5728a80) 
thrown [s\src\hotspot\share\prims\jni.cpp, line 520]
Event: 239.116 Thread 0x0000021c7f937790 Exception <a 'sun/nio/fs/WindowsException'{0x00000000d5674608}> (0x00000000d5674608) 
thrown [s\src\hotspot\share\prims\jni.cpp, line 520]
Event: 243.830 Thread 0x0000021c7eee8bf0 Implicit null exception at 0x0000021c0811b1e9 to 0x0000021c0811ba10
Event: 244.031 Thread 0x0000021c7eee5e00 Exception <a 'sun/nio/fs/WindowsException'{0x00000000d5622d08}> (0x00000000d5622d08) 
thrown [s\src\hotspot\share\prims\jni.cpp, line 520]
Event: 244.034 Thread 0x0000021c7eee5e00 Exception <a 'sun/nio/fs/WindowsException'{0x00000000d5623b00}> (0x00000000d5623b00) 
thrown [s\src\hotspot\share\prims\jni.cpp, line 520]
Event: 244.062 Thread 0x0000021c7eee5e00 Exception <a 'sun/nio/fs/WindowsException'{0x00000000d562e4a8}> (0x00000000d562e4a8) 
thrown [s\src\hotspot\share\prims\jni.cpp, line 520]
Event: 244.062 Thread 0x0000021c7eee5e00 Exception <a 'sun/nio/fs/WindowsException'{0x00000000d562f4b8}> (0x00000000d562f4b8) 
thrown [s\src\hotspot\share\prims\jni.cpp, line 520]
Event: 244.090 Thread 0x0000021c7eee5e00 Exception <a 'sun/nio/fs/WindowsException'{0x00000000d5643550}> (0x00000000d5643550) 
thrown [s\src\hotspot\share\prims\jni.cpp, line 520]
Event: 244.090 Thread 0x0000021c7eee5e00 Exception <a 'sun/nio/fs/WindowsException'{0x00000000d5644680}> (0x00000000d5644680) 
thrown [s\src\hotspot\share\prims\jni.cpp, line 520]
Event: 244.357 Thread 0x0000021c7eee5e00 Exception <a 'sun/nio/fs/WindowsException'{0x00000000d56c0a18}> (0x00000000d56c0a18) 
thrown [s\src\hotspot\share\prims\jni.cpp, line 520]
Event: 244.358 Thread 0x0000021c7eee5e00 Exception <a 'sun/nio/fs/WindowsException'{0x00000000d56c1808}> (0x00000000d56c1808) 
thrown [s\src\hotspot\share\prims\jni.cpp, line 520]
Event: 415.560 Thread 0x0000021c7f9349a0 Exception <a 'sun/nio/fs/WindowsException'{0x00000000d57c89e0}> (0x00000000d57c89e0) 
thrown [s\src\hotspot\share\prims\jni.cpp, line 520]
Event: 415.563 Thread 0x0000021c7f9349a0 Exception <a 'sun/nio/fs/WindowsException'{0x00000000d57c9790}> (0x00000000d57c9790) 
thrown [s\src\hotspot\share\prims\jni.cpp, line 520]

ZGC Phase Switch (0 events):
No events

VM Operations (20 events):
Event: 1138.144 Executing safepoint VM operation: Cleanup done
Event: 1138.149 Executing safepoint VM operation: ParallelGCFailedAllocation (Allocation Failure)
Event: 1138.160 Executing safepoint VM operation: ParallelGCFailedAllocation (Allocation Failure) done
Event: 1139.173 Executing safepoint VM operation: Cleanup
Event: 1139.189 Executing safepoint VM operation: Cleanup done
Event: 1139.190 Executing safepoint VM operation: ParallelGCFailedAllocation (Allocation Failure)
Event: 1139.214 Executing safepoint VM operation: ParallelGCFailedAllocation (Allocation Failure) done
Event: 1140.215 Executing safepoint VM operation: Cleanup
Event: 1140.216 Executing safepoint VM operation: Cleanup done
Event: 1140.876 Executing safepoint VM operation: ParallelGCFailedAllocation (Allocation Failure)
Event: 1140.885 Executing safepoint VM operation: ParallelGCFailedAllocation (Allocation Failure) done
Event: 1141.034 Executing safepoint VM operation: ParallelGCFailedAllocation (Allocation Failure)
Event: 1141.043 Executing safepoint VM operation: ParallelGCFailedAllocation (Allocation Failure) done
Event: 1141.108 Executing safepoint VM operation: ParallelGCFailedAllocation (Allocation Failure)
Event: 1141.121 Executing safepoint VM operation: ParallelGCFailedAllocation (Allocation Failure) done
Event: 1141.199 Executing safepoint VM operation: ParallelGCFailedAllocation (Allocation Failure)
Event: 1141.209 Executing safepoint VM operation: ParallelGCFailedAllocation (Allocation Failure) done
Event: 1141.312 Executing safepoint VM operation: ParallelGCFailedAllocation (Allocation Failure)
Event: 1141.334 Executing safepoint VM operation: ParallelGCFailedAllocation (Allocation Failure) done
Event: 1141.414 Executing safepoint VM operation: ParallelGCFailedAllocation (Allocation Failure)

Memory protections (0 events):
No events

Nmethod flushes (20 events):
Event: 233.855 Thread 0x0000021c70ace910 flushing  nmethod 0x0000021c010dc690
Event: 233.855 Thread 0x0000021c70ace910 flushing  nmethod 0x0000021c01100090
Event: 233.855 Thread 0x0000021c70ace910 flushing  nmethod 0x0000021c01125990
Event: 233.855 Thread 0x0000021c70ace910 flushing  nmethod 0x0000021c0112c510
Event: 233.856 Thread 0x0000021c70ace910 flushing  nmethod 0x0000021c01132210
Event: 233.857 Thread 0x0000021c70ace910 flushing  nmethod 0x0000021c01133290
Event: 233.857 Thread 0x0000021c70ace910 flushing  nmethod 0x0000021c01133710
Event: 233.857 Thread 0x0000021c70ace910 flushing  nmethod 0x0000021c01134690
Event: 233.857 Thread 0x0000021c70ace910 flushing  nmethod 0x0000021c01134d10
Event: 233.858 Thread 0x0000021c70ace910 flushing  nmethod 0x0000021c01136690
Event: 233.859 Thread 0x0000021c70ace910 flushing  nmethod 0x0000021c01159810
Event: 233.859 Thread 0x0000021c70ace910 flushing  nmethod 0x0000021c01195310
Event: 233.860 Thread 0x0000021c70ace910 flushing  nmethod 0x0000021c01195a90
Event: 233.860 Thread 0x0000021c70ace910 flushing  nmethod 0x0000021c011bf410
Event: 233.860 Thread 0x0000021c70ace910 flushing  nmethod 0x0000021c011c1d90
Event: 233.860 Thread 0x0000021c70ace910 flushing  nmethod 0x0000021c011c4310
Event: 233.860 Thread 0x0000021c70ace910 flushing  nmethod 0x0000021c011dc010
Event: 233.860 Thread 0x0000021c70ace910 flushing  nmethod 0x0000021c011ee410
Event: 233.860 Thread 0x0000021c70ace910 flushing osr nmethod 0x0000021c01243310
Event: 233.860 Thread 0x0000021c70ace910 flushing  nmethod 0x0000021c01243890

Events (20 events):
Event: 535.110 Thread 0x0000021c7eeeb350 Thread exited: 0x0000021c7eeeb350
Event: 543.937 Thread 0x0000021c53191f40 Thread exited: 0x0000021c53191f40
Event: 595.112 Thread 0x0000021c7eeeacc0 Thread exited: 0x0000021c7eeeacc0
Event: 843.976 Thread 0x0000021c531932f0 Thread exited: 0x0000021c531932f0
Event: 1119.639 Thread 0x0000021c7f9349a0 Thread added: 0x0000021c531946a0
Event: 1135.344 Thread 0x0000021c7f937e20 Thread added: 0x0000021c53191220
Event: 1135.347 Thread 0x0000021c7f937e20 Thread added: 0x0000021c531953c0
Event: 1135.350 Thread 0x0000021c7f937e20 Thread added: 0x0000021c53194d30
Event: 1135.352 Thread 0x0000021c7f937e20 Thread added: 0x0000021c53193980
Event: 1135.353 Thread 0x0000021c7f937e20 Thread added: 0x0000021c53191f40
Event: 1136.126 Thread 0x0000021c53191f40 Thread exited: 0x0000021c53191f40
Event: 1136.126 Thread 0x0000021c53194d30 Thread exited: 0x0000021c53194d30
Event: 1136.127 Thread 0x0000021c53193980 Thread exited: 0x0000021c53193980
Event: 1136.127 Thread 0x0000021c531953c0 Thread exited: 0x0000021c531953c0
Event: 1136.127 Thread 0x0000021c53191220 Thread exited: 0x0000021c53191220
Event: 1140.912 Thread 0x0000021c7f937e20 Thread added: 0x0000021c53193980
Event: 1140.912 Thread 0x0000021c7f937e20 Thread added: 0x0000021c53191f40
Event: 1140.912 Thread 0x0000021c7f937e20 Thread added: 0x0000021c53191220
Event: 1140.913 Thread 0x0000021c7f937e20 Thread added: 0x0000021c53194d30
Event: 1140.913 Thread 0x0000021c7f937e20 Thread added: 0x0000021c531953c0


Dynamic libraries:
0x00007ff7bad30000 - 0x00007ff7bad3e000 	c:\Users\iamhe\.antigravity-ide\extensions\redhat.java-1.55.0-win32-x64\jre\21.0.11-win32-x86_64\bin\java.exe
0x00007ffa29ca0000 - 0x00007ffa29f06000 	C:\WINDOWS\SYSTEM32\ntdll.dll
0x00007ffa28e40000 - 0x00007ffa28f09000 	C:\WINDOWS\System32\KERNEL32.DLL
0x00007ffa26f80000 - 0x00007ffa2737e000 	C:\WINDOWS\System32\KERNELBASE.dll
0x00007ffa27390000 - 0x00007ffa274dc000 	C:\WINDOWS\System32\ucrtbase.dll
0x00007ff9dbc00000 - 0x00007ff9dbc1e000 	c:\Users\iamhe\.antigravity-ide\extensions\redhat.java-1.55.0-win32-x64\jre\21.0.11-win32-x86_64\bin\VCRUNTIME140.dll
0x00007ff9d9d60000 - 0x00007ff9d9d78000 	c:\Users\iamhe\.antigravity-ide\extensions\redhat.java-1.55.0-win32-x64\jre\21.0.11-win32-x86_64\bin\jli.dll
0x00007ffa28440000 - 0x00007ffa28607000 	C:\WINDOWS\System32\USER32.dll
0x00007ffa276d0000 - 0x00007ffa276f7000 	C:\WINDOWS\System32\win32u.dll
0x00007ffa294e0000 - 0x00007ffa2950b000 	C:\WINDOWS\System32\GDI32.dll
0x00007ffa275a0000 - 0x00007ffa276ca000 	C:\WINDOWS\System32\gdi32full.dll
0x00007ffa274f0000 - 0x00007ffa27593000 	C:\WINDOWS\System32\msvcp_win.dll
0x00007ffa10450000 - 0x00007ffa106e2000 	C:\WINDOWS\WinSxS\amd64_microsoft.windows.common-controls_6595b64144ccf1df_6.0.26100.8875_none_3e0d5d42e32fe9dd\COMCTL32.dll
0x00007ffa28a00000 - 0x00007ffa28aa9000 	C:\WINDOWS\System32\msvcrt.dll
0x00007ffa28f20000 - 0x00007ffa28f52000 	C:\WINDOWS\System32\IMM32.DLL
0x00007ffa020f0000 - 0x00007ffa020fc000 	c:\Users\iamhe\.antigravity-ide\extensions\redhat.java-1.55.0-win32-x64\jre\21.0.11-win32-x86_64\bin\vcruntime140_1.dll
0x00007ff9bc800000 - 0x00007ff9bc88d000 	c:\Users\iamhe\.antigravity-ide\extensions\redhat.java-1.55.0-win32-x64\jre\21.0.11-win32-x86_64\bin\msvcp140.dll
0x00007ff973520000 - 0x00007ff9742c2000 	c:\Users\iamhe\.antigravity-ide\extensions\redhat.java-1.55.0-win32-x64\jre\21.0.11-win32-x86_64\bin\server\jvm.dll
0x00007ffa29190000 - 0x00007ffa29247000 	C:\WINDOWS\System32\ADVAPI32.dll
0x00007ffa29600000 - 0x00007ffa296aa000 	C:\WINDOWS\System32\sechost.dll
0x00007ffa296b0000 - 0x00007ffa297c8000 	C:\WINDOWS\System32\RPCRT4.dll
0x00007ffa29510000 - 0x00007ffa29590000 	C:\WINDOWS\System32\WS2_32.dll
0x00007ffa26d20000 - 0x00007ffa26d7e000 	C:\WINDOWS\SYSTEM32\POWRPROF.dll
0x00007ffa1cf00000 - 0x00007ffa1cf36000 	C:\WINDOWS\SYSTEM32\WINMM.dll
0x00007ffa12750000 - 0x00007ffa1275b000 	C:\WINDOWS\SYSTEM32\VERSION.dll
0x00007ffa26d00000 - 0x00007ffa26d14000 	C:\WINDOWS\SYSTEM32\UMPDC.dll
0x00007ffa25ba0000 - 0x00007ffa25bbb000 	C:\WINDOWS\SYSTEM32\kernel.appcore.dll
0x00007ff9f7760000 - 0x00007ff9f776a000 	c:\Users\iamhe\.antigravity-ide\extensions\redhat.java-1.55.0-win32-x64\jre\21.0.11-win32-x86_64\bin\jimage.dll
0x00007ffa1b7d0000 - 0x00007ffa1ba12000 	C:\WINDOWS\SYSTEM32\DBGHELP.DLL
0x00007ffa28ab0000 - 0x00007ffa28e33000 	C:\WINDOWS\System32\combase.dll
0x00007ffa28fe0000 - 0x00007ffa290b9000 	C:\WINDOWS\System32\OLEAUT32.dll
0x00007ffa0a4b0000 - 0x00007ffa0a4eb000 	C:\WINDOWS\SYSTEM32\dbgcore.DLL
0x00007ffa26ec0000 - 0x00007ffa26f6c000 	C:\WINDOWS\System32\bcryptPrimitives.dll
0x00007ff9f7630000 - 0x00007ff9f763f000 	c:\Users\iamhe\.antigravity-ide\extensions\redhat.java-1.55.0-win32-x64\jre\21.0.11-win32-x86_64\bin\instrument.dll
0x00007ff9d84e0000 - 0x00007ff9d8500000 	c:\Users\iamhe\.antigravity-ide\extensions\redhat.java-1.55.0-win32-x64\jre\21.0.11-win32-x86_64\bin\java.dll
0x00007ffa27a90000 - 0x00007ffa28222000 	C:\WINDOWS\System32\SHELL32.dll
0x00007ffa24960000 - 0x00007ffa251f2000 	C:\WINDOWS\SYSTEM32\windows.storage.dll
0x00007ffa28230000 - 0x00007ffa28327000 	C:\WINDOWS\System32\SHCORE.dll
0x00007ffa287f0000 - 0x00007ffa28857000 	C:\WINDOWS\System32\shlwapi.dll
0x00007ffa26de0000 - 0x00007ffa26e09000 	C:\WINDOWS\SYSTEM32\profapi.dll
0x00007ff9d84c0000 - 0x00007ff9d84d8000 	c:\Users\iamhe\.antigravity-ide\extensions\redhat.java-1.55.0-win32-x64\jre\21.0.11-win32-x86_64\bin\zip.dll
0x00007ff9f6ed0000 - 0x00007ff9f6ee0000 	C:\Users\iamhe\.antigravity-ide\extensions\redhat.java-1.55.0-win32-x64\jre\21.0.11-win32-x86_64\bin\net.dll
0x00007ffa1c650000 - 0x00007ffa1c777000 	C:\WINDOWS\SYSTEM32\WINHTTP.dll
0x00007ffa26150000 - 0x00007ffa261bc000 	C:\WINDOWS\system32\mswsock.dll
0x00007ff9d5dd0000 - 0x00007ff9d5de6000 	C:\Users\iamhe\.antigravity-ide\extensions\redhat.java-1.55.0-win32-x64\jre\21.0.11-win32-x86_64\bin\nio.dll
0x00007ff9f5750000 - 0x00007ff9f5760000 	c:\Users\iamhe\.antigravity-ide\extensions\redhat.java-1.55.0-win32-x64\jre\21.0.11-win32-x86_64\bin\verify.dll
0x00007ff9d5c50000 - 0x00007ff9d5c95000 	C:\Users\iamhe\AppData\Roaming\Antigravity IDE\User\globalStorage\redhat.java\1.55.0\config_win\org.eclipse.equinox.launcher\org.eclipse.equinox.launcher.win32.win32.x86_64_1.3.100.v20260613-0559\eclipse_11924.dll
0x00007ffa28860000 - 0x00007ffa289f9000 	C:\WINDOWS\System32\ole32.dll
0x00007ff9ee730000 - 0x00007ff9ee73a000 	C:\Users\iamhe\.antigravity-ide\extensions\redhat.java-1.55.0-win32-x64\jre\21.0.11-win32-x86_64\bin\management.dll
0x00007ff9ee6e0000 - 0x00007ff9ee6ec000 	C:\Users\iamhe\.antigravity-ide\extensions\redhat.java-1.55.0-win32-x64\jre\21.0.11-win32-x86_64\bin\management_ext.dll
0x00007ffa28430000 - 0x00007ffa28438000 	C:\WINDOWS\System32\PSAPI.DLL
0x00007ffa26450000 - 0x00007ffa2646b000 	C:\WINDOWS\SYSTEM32\CRYPTSP.dll
0x00007ffa25b00000 - 0x00007ffa25b39000 	C:\WINDOWS\system32\rsaenh.dll
0x00007ffa26210000 - 0x00007ffa26242000 	C:\WINDOWS\SYSTEM32\USERENV.dll
0x00007ffa26db0000 - 0x00007ffa26dda000 	C:\WINDOWS\SYSTEM32\bcrypt.dll
0x00007ffa26470000 - 0x00007ffa2647c000 	C:\WINDOWS\SYSTEM32\CRYPTBASE.dll
0x00007ffa25550000 - 0x00007ffa25583000 	C:\WINDOWS\SYSTEM32\IPHLPAPI.DLL
0x00007ffa28f10000 - 0x00007ffa28f1a000 	C:\WINDOWS\System32\NSI.dll
0x00007ff9b0eb0000 - 0x00007ff9b0ef9000 	C:\Users\iamhe\AppData\Local\Temp\jna-99967506\jna13119686093940454657.dll
0x00007ffa20fb0000 - 0x00007ffa20fcd000 	C:\WINDOWS\SYSTEM32\dhcpcsvc6.DLL
0x00007ffa20f80000 - 0x00007ffa20fa5000 	C:\WINDOWS\SYSTEM32\dhcpcsvc.DLL
0x00007ff9e1c10000 - 0x00007ff9e1c1e000 	C:\Users\iamhe\.antigravity-ide\extensions\redhat.java-1.55.0-win32-x64\jre\21.0.11-win32-x86_64\bin\sunmscapi.dll
0x00007ffa27850000 - 0x00007ffa279c8000 	C:\WINDOWS\System32\CRYPT32.dll
0x00007ffa26690000 - 0x00007ffa266c0000 	C:\WINDOWS\SYSTEM32\ncrypt.dll
0x00007ffa26640000 - 0x00007ffa2667f000 	C:\WINDOWS\SYSTEM32\NTASN1.dll
0x00007ffa255e0000 - 0x00007ffa25736000 	C:\WINDOWS\SYSTEM32\DNSAPI.dll
0x00007ffa25f30000 - 0x00007ffa25f3d000 	C:\WINDOWS\SYSTEM32\DSPARSE.dll
0x00007ffa1ceb0000 - 0x00007ffa1cebb000 	C:\Windows\System32\rasadhlp.dll
0x00007ffa21060000 - 0x00007ffa210e6000 	C:\WINDOWS\System32\fwpuclnt.dll
0x00007ff9ee690000 - 0x00007ff9ee699000 	C:\Users\iamhe\.antigravity-ide\extensions\redhat.java-1.55.0-win32-x64\jre\21.0.11-win32-x86_64\bin\extnet.dll
0x00007ffa25cd0000 - 0x00007ffa25d06000 	C:\WINDOWS\SYSTEM32\ntmarta.dll

JVMTI agents:
c:\Users\iamhe\.antigravity-ide\extensions\redhat.java-1.55.0-win32-x64\lombok\lombok-1.18.39-4050.jar path:c:\Users\iamhe\.antigravity-ide\extensions\redhat.java-1.55.0-win32-x64\jre\21.0.11-win32-x86_64\bin\instrument.dll, loaded, initialized, instrumentlib options:none

dbghelp: loaded successfully - version: 4.0.5 - missing functions: none
symbol engine: initialized successfully - sym options: 0x614 - pdb path: .;c:\Users\iamhe\.antigravity-ide\extensions\redhat.java-1.55.0-win32-x64\jre\21.0.11-win32-x86_64\bin;C:\WINDOWS\SYSTEM32;C:\WINDOWS\WinSxS\amd64_microsoft.windows.common-controls_6595b64144ccf1df_6.0.26100.8875_none_3e0d5d42e32fe9dd;c:\Users\iamhe\.antigravity-ide\extensions\redhat.java-1.55.0-win32-x64\jre\21.0.11-win32-x86_64\bin\server;C:\Users\iamhe\AppData\Roaming\Antigravity IDE\User\globalStorage\redhat.java\1.55.0\config_win\org.eclipse.equinox.launcher\org.eclipse.equinox.launcher.win32.win32.x86_64_1.3.100.v20260613-0559;C:\Users\iamhe\AppData\Local\Temp\jna-99967506

VM Arguments:
jvm_args: --add-modules=ALL-SYSTEM --add-opens=java.base/java.util=ALL-UNNAMED --add-opens=java.base/java.lang=ALL-UNNAMED --add-opens=java.base/sun.nio.fs=ALL-UNNAMED -Declipse.application=org.eclipse.jdt.ls.core.id1 -Dosgi.bundles.defaultStartLevel=4 -Declipse.product=org.eclipse.jdt.ls.core.product -Djava.import.generatesMetadataFilesAtProjectRoot=false -DDetectVMInstallationsJob.disabled=true -Dfile.encoding=utf8 -XX:+UseParallelGC -XX:GCTimeRatio=4 -XX:AdaptiveSizePolicyWeight=90 -Dsun.zip.disableMemoryMapping=true -Xmx2G -Xms100m -Xlog:disable -javaagent:c:\Users\iamhe\.antigravity-ide\extensions\redhat.java-1.55.0-win32-x64\lombok\lombok-1.18.39-4050.jar -XX:+HeapDumpOnOutOfMemoryError -XX:HeapDumpPath=c:\Users\iamhe\AppData\Roaming\Antigravity IDE\User\workspaceStorage\febbdd6fe61ea0e4eea93d9b6e43076d\redhat.java -Daether.dependencyCollector.impl=bf 
java_command: c:\Users\iamhe\.antigravity-ide\extensions\redhat.java-1.55.0-win32-x64\server\plugins\org.eclipse.equinox.launcher_1.7.200.v20260619-2039.jar -configuration c:\Users\iamhe\AppData\Roaming\Antigravity IDE\User\globalStorage\redhat.java\1.55.0\config_win -data c:\Users\iamhe\AppData\Roaming\Antigravity IDE\User\workspaceStorage\febbdd6fe61ea0e4eea93d9b6e43076d\redhat.java\jdt_ws --pipe=\\.\pipe\lsp-2c099df3a2811bcd9b0d6fb2ba96d56d-sock
java_class_path (initial): c:\Users\iamhe\.antigravity-ide\extensions\redhat.java-1.55.0-win32-x64\server\plugins\org.eclipse.equinox.launcher_1.7.200.v20260619-2039.jar
Launcher Type: SUN_STANDARD

[Global flags]
    uintx AdaptiveSizePolicyWeight                 = 90                                        {product} {command line}
     intx CICompilerCount                          = 4                                         {product} {ergonomic}
    uintx GCTimeRatio                              = 4                                         {product} {command line}
     bool HeapDumpOnOutOfMemoryError               = true                                   {manageable} {command line}
    ccstr HeapDumpPath                             = c:\Users\iamhe\AppData\Roaming\Antigravity IDE\User\workspaceStorage\febbdd6fe61ea0e4eea93d9b6e43076d\redhat.java         {manageable} {command line}
   size_t InitialHeapSize                          = 104857600                                 {product} {command line}
   size_t MaxHeapSize                              = 2147483648                                {product} {command line}
   size_t MaxNewSize                               = 715653120                                 {product} {ergonomic}
   size_t MinHeapDeltaBytes                        = 524288                                    {product} {ergonomic}
   size_t MinHeapSize                              = 104857600                                 {product} {command line}
   size_t NewSize                                  = 34603008                                  {product} {ergonomic}
    uintx NonNMethodCodeHeapSize                   = 5839372                                {pd product} {ergonomic}
    uintx NonProfiledCodeHeapSize                  = 122909434                              {pd product} {ergonomic}
   size_t OldSize                                  = 70254592                                  {product} {ergonomic}
    uintx ProfiledCodeHeapSize                     = 122909434                              {pd product} {ergonomic}
    uintx ReservedCodeCacheSize                    = 251658240                              {pd product} {ergonomic}
     bool SegmentedCodeCache                       = true                                      {product} {ergonomic}
   size_t SoftMaxHeapSize                          = 2147483648                             {manageable} {ergonomic}
     bool UseCompressedOops                        = true                           {product lp64_product} {ergonomic}
     bool UseLargePagesIndividualAllocation        = false                                  {pd product} {ergonomic}
     bool UseParallelGC                            = true                                      {product} {command line}

Logging:
Log output configuration:
 #0: stdout all=off uptime,level,tags foldmultilines=false
 #1: stderr all=off uptime,level,tags foldmultilines=false

Release file:
JAVA_VERSION="21.0.11" 
MODULES="java.base java.compiler java.datatransfer java.xml java.prefs java.desktop java.instrument java.logging java.management java.security.sasl java.naming java.rmi java.management.rmi java.net.http java.scripting java.security.jgss java.transaction.xa java.sql java.sql.rowset java.xml.crypto java.se java.smartcardio jdk.accessibility jdk.internal.jvmstat jdk.attach jdk.charsets jdk.internal.opt jdk.zipfs jdk.compiler jdk.crypto.ec jdk.crypto.cryptoki jdk.crypto.mscapi jdk.dynalink jdk.internal.ed jdk.editpad jdk.hotspot.agent jdk.httpserver jdk.internal.le jdk.internal.vm.ci jdk.internal.vm.compiler jdk.internal.vm.compiler.management jdk.jartool jdk.javadoc jdk.jcmd jdk.management jdk.management.agent jdk.jconsole jdk.jdeps jdk.jdwp.agent jdk.jdi jdk.jfr jdk.jshell jdk.jsobject jdk.jstatd jdk.localedata jdk.management.jfr jdk.naming.dns jdk.naming.rmi jdk.net jdk.nio.mapmode jdk.random jdk.sctp jdk.security.auth jdk.security.jgss jdk.unsupported jdk.unsupported.desktop jdk.xml.dom" 

Environment Variables:
PATH=C:\Program Files\Common Files\Oracle\Java\javapath;C:\WINDOWS\system32;C:\WINDOWS;C:\WINDOWS\System32\Wbem;C:\WINDOWS\System32\WindowsPowerShell\v1.0\;C:\WINDOWS\System32\OpenSSH\;C:\Program Files\Git\cmd;C:\Program Files\nodejs\;C:\Program Files\Docker\Docker\resources\bin;C:\Users\iamhe\AppData\Local\Programs\Python\Python313\Scripts\;C:\Users\iamhe\AppData\Local\Programs\Python\Python313\;C:\Users\iamhe\AppData\Local\Microsoft\WindowsApps;C:\Users\iamhe\AppData\Local\Programs\Microsoft VS Code\bin;C:\Users\iamhe\AppData\Roaming\npm;C:\Users\iamhe\AppData\Local\Programs\Antigravity\bin;C:\Users\iamhe\AppData\Local\Programs\Antigravity IDE\bin
USERNAME=iamhe
OS=Windows_NT
PROCESSOR_IDENTIFIER=AMD64 Family 23 Model 160 Stepping 0, AuthenticAMD
TMP=C:\Users\iamhe\AppData\Local\Temp
TEMP=C:\Users\iamhe\AppData\Local\Temp




Periodic native trim disabled

---------------  S Y S T E M  ---------------

OS:
 Windows 11 , 64 bit Build 26100 (10.0.26100.8875)
OS uptime: 2 days 12:33 hours
Hyper-V role detected

CPU: total 8 (initial active 8) (8 cores per cpu, 2 threads per core) family 23 model 160 stepping 0 microcode 0x8a00006, cx8, cmov, fxsr, ht, mmx, 3dnowpref, sse, sse2, sse3, ssse3, sse4a, sse4.1, sse4.2, popcnt, lzcnt, tsc, tscinvbit, avx, avx2, aes, clmul, bmi1, bmi2, adx, sha, fma, vzeroupper, clflush, clflushopt, hv, rdtscp, rdpid, f16c
Processor Information for the first 8 processors :
  Max Mhz: 2401, Current Mhz: 2401, Mhz Limit: 2401

Memory: 4k page, system-wide physical 7455M (200M free)
TotalPageFile size 29983M (AvailPageFile size 242M)
current process WorkingSet (physical memory assigned to process): 130M, peak: 508M
current process commit charge ("private bytes"): 1162M, peak: 1168M

vm_info: OpenJDK 64-Bit Server VM (21.0.11+10-LTS) for windows-amd64 JRE (21.0.11+10-LTS), built on 2026-04-21T00:00:00Z by "admin" with MS VC++ 17.12 (VS2022)

END.
